<testsuites id="" name="" tests="5" failures="0" skipped="0" errors="0" time="144.450081">
<testsuite name="smoke\usuarios-principales-flujo.spec.js" timestamp="2026-04-09T17:26:54.274Z" hostname="chromium" tests="5" failures="0" skipped="0" time="128.844" errors="0">
<testcase name="Smoke de usuarios principales del flujo › USU-FLUJO: Unidad solicitante inicia sesion y carga vistas clave" classname="smoke\usuarios-principales-flujo.spec.js" time="32.102">
<system-out>
<![CDATA[✅ Login exitoso para jefe.sistemas@demo.com -> http://localhost:8000/panel-principal

[[ATTACHMENT|smoke-usuarios-principales-6d79f-sesion-y-carga-vistas-clave-chromium\test-finished-1.png]]

[[ATTACHMENT|smoke-usuarios-principales-6d79f-sesion-y-carga-vistas-clave-chromium\trace.zip]]
]]>
</system-out>
</testcase>
<testcase name="Smoke de usuarios principales del flujo › USU-FLUJO: Planeacion inicia sesion y carga vistas clave" classname="smoke\usuarios-principales-flujo.spec.js" time="25.86">
<system-out>
<![CDATA[✅ Login exitoso para planeacion@demo.com -> http://localhost:8000/panel-principal

[[ATTACHMENT|smoke-usuarios-principales-bdb87-sesion-y-carga-vistas-clave-chromium\test-finished-1.png]]

[[ATTACHMENT|smoke-usuarios-principales-bdb87-sesion-y-carga-vistas-clave-chromium\trace.zip]]
]]>
</system-out>
</testcase>
<testcase name="Smoke de usuarios principales del flujo › USU-FLUJO: Hacienda inicia sesion y carga vistas clave" classname="smoke\usuarios-principales-flujo.spec.js" time="21.938">
<system-out>
<![CDATA[✅ Login exitoso para hacienda@demo.com -> http://localhost:8000/panel-principal

[[ATTACHMENT|smoke-usuarios-principales-00463-sesion-y-carga-vistas-clave-chromium\test-finished-1.png]]

[[ATTACHMENT|smoke-usuarios-principales-00463-sesion-y-carga-vistas-clave-chromium\trace.zip]]
]]>
</system-out>
</testcase>
<testcase name="Smoke de usuarios principales del flujo › USU-FLUJO: Juridica inicia sesion y carga vistas clave" classname="smoke\usuarios-principales-flujo.spec.js" time="21.88">
<system-out>
<![CDATA[✅ Login exitoso para juridica@demo.com -> http://localhost:8000/panel-principal

[[ATTACHMENT|smoke-usuarios-principales-4aaef-sesion-y-carga-vistas-clave-chromium\test-finished-1.png]]

[[ATTACHMENT|smoke-usuarios-principales-4aaef-sesion-y-carga-vistas-clave-chromium\trace.zip]]
]]>
</system-out>
</testcase>
<testcase name="Smoke de usuarios principales del flujo › USU-FLUJO: SECOP inicia sesion y carga vistas clave" classname="smoke\usuarios-principales-flujo.spec.js" time="27.064">
<system-out>
<![CDATA[✅ Login exitoso para secop@demo.com -> http://localhost:8000/panel-principal

[[ATTACHMENT|smoke-usuarios-principales-887dc-sesion-y-carga-vistas-clave-chromium\test-finished-1.png]]

[[ATTACHMENT|smoke-usuarios-principales-887dc-sesion-y-carga-vistas-clave-chromium\trace.zip]]
]]>
</system-out>
</testcase>
</testsuite>
</testsuites>